Archive member included to satisfy reference by file (symbol)

c:/st/stm32cubeide_1.7.0/stm32cubeide/plugins/com.st.stm32cube.ide.mcu.externaltools.gnu-tools-for-stm32.9-2020-q2-update.win32_2.0.0.202105311346/tools/bin/../lib/gcc/arm-none-eabi/9.3.1/../../../../arm-none-eabi/lib/thumb/v7-m/nofp\libc_nano.a(lib_a-errno.o)
                              ./Core/Src/syscalls.o (__errno)
c:/st/stm32cubeide_1.7.0/stm32cubeide/plugins/com.st.stm32cube.ide.mcu.externaltools.gnu-tools-for-stm32.9-2020-q2-update.win32_2.0.0.202105311346/tools/bin/../lib/gcc/arm-none-eabi/9.3.1/../../../../arm-none-eabi/lib/thumb/v7-m/nofp\libc_nano.a(lib_a-exit.o)
                              c:/st/stm32cubeide_1.7.0/stm32cubeide/plugins/com.st.stm32cube.ide.mcu.externaltools.gnu-tools-for-stm32.9-2020-q2-update.win32_2.0.0.202105311346/tools/bin/../lib/gcc/arm-none-eabi/9.3.1/../../../../arm-none-eabi/lib/thumb/v7-m/nofp/crt0.o (exit)
c:/st/stm32cubeide_1.7.0/stm32cubeide/plugins/com.st.stm32cube.ide.mcu.externaltools.gnu-tools-for-stm32.9-2020-q2-update.win32_2.0.0.202105311346/tools/bin/../lib/gcc/arm-none-eabi/9.3.1/../../../../arm-none-eabi/lib/thumb/v7-m/nofp\libc_nano.a(lib_a-impure.o)
                              c:/st/stm32cubeide_1.7.0/stm32cubeide/plugins/com.st.stm32cube.ide.mcu.externaltools.gnu-tools-for-stm32.9-2020-q2-update.win32_2.0.0.202105311346/tools/bin/../lib/gcc/arm-none-eabi/9.3.1/../../../../arm-none-eabi/lib/thumb/v7-m/nofp\libc_nano.a(lib_a-exit.o) (_global_impure_ptr)
c:/st/stm32cubeide_1.7.0/stm32cubeide/plugins/com.st.stm32cube.ide.mcu.externaltools.gnu-tools-for-stm32.9-2020-q2-update.win32_2.0.0.202105311346/tools/bin/../lib/gcc/arm-none-eabi/9.3.1/../../../../arm-none-eabi/lib/thumb/v7-m/nofp\libc_nano.a(lib_a-init.o)
                              c:/st/stm32cubeide_1.7.0/stm32cubeide/plugins/com.st.stm32cube.ide.mcu.externaltools.gnu-tools-for-stm32.9-2020-q2-update.win32_2.0.0.202105311346/tools/bin/../lib/gcc/arm-none-eabi/9.3.1/../../../../arm-none-eabi/lib/thumb/v7-m/nofp/crt0.o (__libc_init_array)
c:/st/stm32cubeide_1.7.0/stm32cubeide/plugins/com.st.stm32cube.ide.mcu.externaltools.gnu-tools-for-stm32.9-2020-q2-update.win32_2.0.0.202105311346/tools/bin/../lib/gcc/arm-none-eabi/9.3.1/../../../../arm-none-eabi/lib/thumb/v7-m/nofp\libc_nano.a(lib_a-memset.o)
                              c:/st/stm32cubeide_1.7.0/stm32cubeide/plugins/com.st.stm32cube.ide.mcu.externaltools.gnu-tools-for-stm32.9-2020-q2-update.win32_2.0.0.202105311346/tools/bin/../lib/gcc/arm-none-eabi/9.3.1/../../../../arm-none-eabi/lib/thumb/v7-m/nofp/crt0.o (memset)

Allocating common symbols
Common symbol       size              file

uwTick              0x4               ./Drivers/STM32F1xx_HAL_Driver/Src/stm32f1xx_hal.o
pFlash              0x20              ./Drivers/STM32F1xx_HAL_Driver/Src/stm32f1xx_hal_flash.o
MAX_BUTTONS         0x4               ./Core/Src/button.o
MAX_PARAM           0x4               ./Core/Src/fsm.o
htim2               0x48              ./Core/Src/main.o
green_temp_counter  0x4               ./Core/Src/fsm.o
TICK                0x4               ./Core/Src/fsm.o
yellow_temp_counter
                    0x4               ./Core/Src/fsm.o

Discarded input sections

 .text          0x0000000000000000        0x0 c:/st/stm32cubeide_1.7.0/stm32cubeide/plugins/com.st.stm32cube.ide.mcu.externaltools.gnu-tools-for-stm32.9-2020-q2-update.win32_2.0.0.202105311346/tools/bin/../lib/gcc/arm-none-eabi/9.3.1/thumb/v7-m/nofp/crti.o
 .data          0x0000000000000000        0x0 c:/st/stm32cubeide_1.7.0/stm32cubeide/plugins/com.st.stm32cube.ide.mcu.externaltools.gnu-tools-for-stm32.9-2020-q2-update.win32_2.0.0.202105311346/tools/bin/../lib/gcc/arm-none-eabi/9.3.1/thumb/v7-m/nofp/crti.o
 .bss           0x0000000000000000        0x0 c:/st/stm32cubeide_1.7.0/stm32cubeide/plugins/com.st.stm32cube.ide.mcu.externaltools.gnu-tools-for-stm32.9-2020-q2-update.win32_2.0.0.202105311346/tools/bin/../lib/gcc/arm-none-eabi/9.3.1/thumb/v7-m/nofp/crti.o
 .data          0x0000000000000000        0x4 c:/st/stm32cubeide_1.7.0/stm32cubeide/plugins/com.st.stm32cube.ide.mcu.externaltools.gnu-tools-for-stm32.9-2020-q2-update.win32_2.0.0.202105311346/tools/bin/../lib/gcc/arm-none-eabi/9.3.1/thumb/v7-m/nofp/crtbegin.o
 .text          0x0000000000000000       0x7c c:/st/stm32cubeide_1.7.0/stm32cubeide/plugins/com.st.stm32cube.ide.mcu.externaltools.gnu-tools-for-stm32.9-2020-q2-update.win32_2.0.0.202105311346/tools/bin/../lib/gcc/arm-none-eabi/9.3.1/../../../../arm-none-eabi/lib/thumb/v7-m/nofp/crt0.o
 .data          0x0000000000000000        0x0 c:/st/stm32cubeide_1.7.0/stm32cubeide/plugins/com.st.stm32cube.ide.mcu.externaltools.gnu-tools-for-stm32.9-2020-q2-update.win32_2.0.0.202105311346/tools/bin/../lib/gcc/arm-none-eabi/9.3.1/../../../../arm-none-eabi/lib/thumb/v7-m/nofp/crt0.o
[...]
Memory Configuration

Name             Origin             Length             Attributes
RAM              0x0000000020000000 0x0000000000002800 xrw
FLASH            0x0000000008000000 0x0000000000008000 xr
*default*        0x0000000000000000 0xffffffffffffffff

Linker script and memory map

LOAD c:/st/stm32cubeide_1.7.0/stm32cubeide/plugins/com.st.stm32cube.ide.mcu.externaltools.gnu-tools-for-stm32.9-2020-q2-update.win32_2.0.0.202105311346/tools/bin/../lib/gcc/arm-none-eabi/9.3.1/thumb/v7-m/nofp/crti.o
LOAD c:/st/stm32cubeide_1.7.0/stm32cubeide/plugins/com.st.stm32cube.ide.mcu.externaltools.gnu-tools-for-stm32.9-2020-q2-update.win32_2.0.0.202105311346/tools/bin/../lib/gcc/arm-none-eabi/9.3.1/thumb/v7-m/nofp/crtbegin.o
LOAD c:/st/stm32cubeide_1.7.0/stm32cubeide/plugins/com.st.stm32cube.ide.mcu.externaltools.gnu-tools-for-stm32.9-2020-q2-update.win32_2.0.0.202105311346/tools/bin/../lib/gcc/arm-none-eabi/9.3.1/../../../../arm-none-eabi/lib/thumb/v7-m/nofp/crt0.o
LOAD ./Core/Src/button.o
LOAD ./Core/Src/fsm.o
LOAD ./Core/Src/global.o
LOAD ./Core/Src/led_7seg.o
LOAD ./Core/Src/main.o
LOAD ./Core/Src/software_timer.o
LOAD ./Core/Src/stm32f1xx_hal_msp.o
LOAD ./Core/Src/stm32f1xx_it.o
LOAD ./Core/Src/syscalls.o
LOAD ./Core/Src/sysmem.o
LOAD ./Core/Src/system_stm32f1xx.o
LOAD ./Core/Src/traffic.o
LOAD ./Core/Startup/startup_stm32f103c6ux.o
LOAD ./Drivers/STM32F1xx_HAL_Driver/Src/stm32f1xx_hal.o
LOAD ./Drivers/STM32F1xx_HAL_Driver/Src/stm32f1xx_hal_cortex.o
LOAD ./Drivers/STM32F1xx_HAL_Driver/Src/stm32f1xx_hal_dma.o
LOAD ./Drivers/STM32F1xx_HAL_Driver/Src/stm32f1xx_hal_exti.o
LOAD ./Drivers/STM32F1xx_HAL_Driver/Src/stm32f1xx_hal_flash.o
LOAD ./Drivers/STM32F1xx_HAL_Driver/Src/stm32f1xx_hal_flash_ex.o
LOAD ./Drivers/STM32F1xx_HAL_Driver/Src/stm32f1xx_hal_gpio.o
LOAD ./Drivers/STM32F1xx_HAL_Driver/Src/stm32f1xx_hal_gpio_ex.o
LOAD ./Drivers/STM32F1xx_HAL_Driver/Src/stm32f1xx_hal_pwr.o
LOAD ./Drivers/STM32F1xx_HAL_Driver/Src/stm32f1xx_hal_rcc.o
LOAD ./Drivers/STM32F1xx_HAL_Driver/Src/stm32f1xx_hal_rcc_ex.o
LOAD ./Drivers/STM32F1xx_HAL_Driver/Src/stm32f1xx_hal_tim.o
LOAD ./Drivers/STM32F1xx_HAL_Driver/Src/stm32f1xx_hal_tim_ex.o
START GROUP
LOAD c:/st/stm32cubeide_1.7.0/stm32cubeide/plugins/com.st.stm32cube.ide.mcu.externaltools.gnu-tools-for-stm32.9-2020-q2-update.win32_2.0.0.202105311346/tools/bin/../lib/gcc/arm-none-eabi/9.3.1/../../../../arm-none-eabi/lib/thumb/v7-m/nofp\libc_nano.a
LOAD c:/st/stm32cubeide_1.7.0/stm32cubeide/plugins/com.st.stm32cube.ide.mcu.externaltools.gnu-tools-for-stm32.9-2020-q2-update.win32_2.0.0.202105311346/tools/bin/../lib/gcc/arm-none-eabi/9.3.1/../../../../arm-none-eabi/lib/thumb/v7-m/nofp\libm.a
END GROUP
START GROUP
LOAD c:/st/stm32cubeide_1.7.0/stm32cubeide/plugins/com.st.stm32cube.ide.mcu.externaltools.gnu-tools-for-stm32.9-2020-q2-update.win32_2.0.0.202105311346/tools/bin/../lib/gcc/arm-none-eabi/9.3.1/thumb/v7-m/nofp\libgcc.a
LOAD c:/st/stm32cubeide_1.7.0/stm32cubeide/plugins/com.st.stm32cube.ide.mcu.externaltools.gnu-tools-for-stm32.9-2020-q2-update.win32_2.0.0.202105311346/tools/bin/../lib/gcc/arm-none-eabi/9.3.1/../../../../arm-none-eabi/lib/thumb/v7-m/nofp\libc_nano.a
END GROUP
START GROUP
LOAD c:/st/stm32cubeide_1.7.0/stm32cubeide/plugins/com.st.stm32cube.ide.mcu.externaltools.gnu-tools-for-stm32.9-2020-q2-update.win32_2.0.0.202105311346/tools/bin/../lib/gcc/arm-none-eabi/9.3.1/thumb/v7-m/nofp\libgcc.a
LOAD c:/st/stm32cubeide_1.7.0/stm32cubeide/plugins/com.st.stm32cube.ide.mcu.externaltools.gnu-tools-for-stm32.9-2020-q2-update.win32_2.0.0.202105311346/tools/bin/../lib/gcc/arm-none-eabi/9.3.1/../../../../arm-none-eabi/lib/thumb/v7-m/nofp\libc_nano.a
LOAD c:/st/stm32cubeide_1.7.0/stm32cubeide/plugins/com.st.stm32cube.ide.mcu.externaltools.gnu-tools-for-stm32.9-2020-q2-update.win32_2.0.0.202105311346/tools/bin/../lib/gcc/arm-none-eabi/9.3.1/../../../../arm-none-eabi/lib/thumb/v7-m/nofp\libnosys.a
END GROUP
START GROUP
LOAD c:/st/stm32cubeide_1.7.0/stm32cubeide/plugins/com.st.stm32cube.ide.mcu.externaltools.gnu-tools-for-stm32.9-2020-q2-update.win32_2.0.0.202105311346/tools/bin/../lib/gcc/arm-none-eabi/9.3.1/thumb/v7-m/nofp\libgcc.a
LOAD c:/st/stm32cubeide_1.7.0/stm32cubeide/plugins/com.st.stm32cube.ide.mcu.externaltools.gnu-tools-for-stm32.9-2020-q2-update.win32_2.0.0.202105311346/tools/bin/../lib/gcc/arm-none-eabi/9.3.1/../../../../arm-none-eabi/lib/thumb/v7-m/nofp\libc_nano.a
LOAD c:/st/stm32cubeide_1.7.0/stm32cubeide/plugins/com.st.stm32cube.ide.mcu.externaltools.gnu-tools-for-stm32.9-2020-q2-update.win32_2.0.0.202105311346/tools/bin/../lib/gcc/arm-none-eabi/9.3.1/../../../../arm-none-eabi/lib/thumb/v7-m/nofp\libnosys.a
END GROUP
LOAD c:/st/stm32cubeide_1.7.0/stm32cubeide/plugins/com.st.stm32cube.ide.mcu.externaltools.gnu-tools-for-stm32.9-2020-q2-update.win32_2.0.0.202105311346/tools/bin/../lib/gcc/arm-none-eabi/9.3.1/thumb/v7-m/nofp/crtend.o
LOAD c:/st/stm32cubeide_1.7.0/stm32cubeide/plugins/com.st.stm32cube.ide.mcu.externaltools.gnu-tools-for-stm32.9-2020-q2-update.win32_2.0.0.202105311346/tools/bin/../lib/gcc/arm-none-eabi/9.3.1/thumb/v7-m/nofp/crtn.o
                0x0000000020002800                _estack = (ORIGIN (RAM) + LENGTH (RAM))
                0x0000000000000200                _Min_Heap_Size = 0x200
                0x0000000000000400                _Min_Stack_Size = 0x400

.isr_vector     0x0000000008000000      0x10c
                0x0000000008000000                . = ALIGN (0x4)
 *(.isr_vector)
 .isr_vector    0x0000000008000000      0x10c ./Core/Startup/startup_stm32f103c6ux.o
                0x0000000008000000                g_pfnVectors
                0x000000000800010c                . = ALIGN (0x4)

.text           0x000000000800010c     0x2e00
                0x000000000800010c                . = ALIGN (0x4)
 *(.text)
 .text          0x000000000800010c       0x40 c:/st/stm32cubeide_1.7.0/stm32cubeide/plugins/com.st.stm32cube.ide.mcu.externaltools.gnu-tools-for-stm32.9-2020-q2-update.win32_2.0.0.202105311346/tools/bin/../lib/gcc/arm-none-eabi/9.3.1/thumb/v7-m/nofp/crtbegin.o
 *(.text*)
 .text.isButtonPressed
                0x000000000800014c       0x34 ./Core/Src/button.o
                0x000000000800014c                isButtonPressed
 .text.getKeyInput
                0x0000000008000180      0x13c ./Core/Src/button.o
                0x0000000008000180                getKeyInput
 .text.update_led_counter
                0x00000000080002bc       0x3c ./Core/Src/fsm.o
                0x00000000080002bc                update_led_counter
 .text.red_duration_process
                0x00000000080002f8       0x90 ./Core/Src/fsm.o
                0x00000000080002f8                red_duration_process
 .text.yellow_duration_process
                0x0000000008000388       0x68 ./Core/Src/fsm.o
                0x0000000008000388                yellow_duration_process
 .text.green_duration_process
                0x00000000080003f0       0x68 ./Core/Src/fsm.o
                0x00000000080003f0                green_duration_process
 .text.fsm_run  0x0000000008000458      0x73c ./Core/Src/fsm.o
                0x0000000008000458                fsm_run
 .text.init_traffic
                0x0000000008000b94       0x48 ./Core/Src/global.o
                0x0000000008000b94                init_traffic
 .text.display7SEG
                0x0000000008000bdc      0x320 ./Core/Src/led_7seg.o
                0x0000000008000bdc                display7SEG
 .text.update7SEG
                0x0000000008000efc       0xdc ./Core/Src/led_7seg.o
                0x0000000008000efc                update7SEG
 .text.reset_7seg_counter
                0x0000000008000fd8       0x54 ./Core/Src/led_7seg.o
                0x0000000008000fd8                reset_7seg_counter
 .text.update_7seg_counter
                0x000000000800102c       0x3c ./Core/Src/led_7seg.o
                0x000000000800102c                update_7seg_counter
 .text.update_auto_buffer
                0x0000000008001068       0xb8 ./Core/Src/led_7seg.o
                0x0000000008001068                update_auto_buffer
 .text.update_modify_buffer
                0x0000000008001120       0xcc ./Core/Src/led_7seg.o
                0x0000000008001120                update_modify_buffer
 .text.led_7seg_run
                0x00000000080011ec      0x10c ./Core/Src/led_7seg.o
                0x00000000080011ec                led_7seg_run
 .text.main     0x00000000080012f8       0x2c ./Core/Src/main.o
                0x00000000080012f8                main
 .text.SystemClock_Config
                0x0000000008001324       0x76 ./Core/Src/main.o
                0x0000000008001324                SystemClock_Config
 *fill*         0x000000000800139a        0x2 
 .text.MX_TIM2_Init
                0x000000000800139c       0x98 ./Core/Src/main.o
 .text.MX_GPIO_Init
                0x0000000008001434       0xc4 ./Core/Src/main.o
 .text.HAL_TIM_PeriodElapsedCallback
                0x00000000080014f8       0x18 ./Core/Src/main.o
                0x00000000080014f8                HAL_TIM_PeriodElapsedCallback
 .text.Error_Handler
                0x0000000008001510        0xa ./Core/Src/main.o
                0x0000000008001510                Error_Handler
 *fill*         0x000000000800151a        0x2 
 .text.setTimer
                0x000000000800151c       0x40 ./Core/Src/software_timer.o
                0x000000000800151c                setTimer
 .text.isTimerExpired
                0x000000000800155c       0x34 ./Core/Src/software_timer.o
                0x000000000800155c                isTimerExpired
 .text.timer_run
                0x0000000008001590       0x60 ./Core/Src/software_timer.o
                0x0000000008001590                timer_run
 .text.HAL_MspInit
                0x00000000080015f0       0x64 ./Core/Src/stm32f1xx_hal_msp.o
                0x00000000080015f0                HAL_MspInit
 .text.HAL_TIM_Base_MspInit
                0x0000000008001654       0x48 ./Core/Src/stm32f1xx_hal_msp.o
                0x0000000008001654                HAL_TIM_Base_MspInit
 .text.NMI_Handler
                0x000000000800169c        0x6 ./Core/Src/stm32f1xx_it.o
                0x000000000800169c                NMI_Handler
 .text.HardFault_Handler
                0x00000000080016a2        0x6 ./Core/Src/stm32f1xx_it.o
                0x00000000080016a2                HardFault_Handler
 .text.MemManage_Handler
                0x00000000080016a8        0x6 ./Core/Src/stm32f1xx_it.o
                0x00000000080016a8                MemManage_Handler
 .text.BusFault_Handler
                0x00000000080016ae        0x6 ./Core/Src/stm32f1xx_it.o
                0x00000000080016ae                BusFault_Handler
 .text.UsageFault_Handler
                0x00000000080016b4        0x6 ./Core/Src/stm32f1xx_it.o
                0x00000000080016b4                UsageFault_Handler
 .text.SVC_Handler
                0x00000000080016ba        0xc ./Core/Src/stm32f1xx_it.o
                0x00000000080016ba                SVC_Handler
 .text.DebugMon_Handler
                0x00000000080016c6        0xc ./Core/Src/stm32f1xx_it.o
                0x00000000080016c6                DebugMon_Handler
 .text.PendSV_Handler
                0x00000000080016d2        0xc ./Core/Src/stm32f1xx_it.o
                0x00000000080016d2                PendSV_Handler
 .text.SysTick_Handler
                0x00000000080016de        0xc ./Core/Src/stm32f1xx_it.o
                0x00000000080016de                SysTick_Handler
 *fill*         0x00000000080016ea        0x2 
 .text.TIM2_IRQHandler
                0x00000000080016ec       0x14 ./Core/Src/stm32f1xx_it.o
                0x00000000080016ec                TIM2_IRQHandler
 .text.SystemInit
                0x0000000008001700        0xc ./Core/Src/system_stm32f1xx.o
                0x0000000008001700                SystemInit
 .text.led_clear
                0x000000000800170c       0x54 ./Core/Src/traffic.o
                0x000000000800170c                led_clear
 .text.led_control
                0x0000000008001760       0xd0 ./Core/Src/traffic.o
                0x0000000008001760                led_control
 .text.led_blinking
                0x0000000008001830       0x4c ./Core/Src/traffic.o
                0x0000000008001830                led_blinking
 .text.Reset_Handler
                0x000000000800187c       0x48 ./Core/Startup/startup_stm32f103c6ux.o
                0x000000000800187c                Reset_Handler
 .text.Default_Handler
                0x00000000080018c4        0x2 ./Core/Startup/startup_stm32f103c6ux.o
                0x00000000080018c4                RTC_Alarm_IRQHandler
                0x00000000080018c4                EXTI2_IRQHandler
                0x00000000080018c4                TIM1_CC_IRQHandler
                0x00000000080018c4                PVD_IRQHandler
                0x00000000080018c4                EXTI3_IRQHandler
                0x00000000080018c4                EXTI0_IRQHandler
                0x00000000080018c4                ADC1_2_IRQHandler
                0x00000000080018c4                SPI1_IRQHandler
                0x00000000080018c4                TAMPER_IRQHandler
                0x00000000080018c4                DMA1_Channel4_IRQHandler
                0x00000000080018c4                RTC_IRQHandler
                0x00000000080018c4                DMA1_Channel7_IRQHandler
                0x00000000080018c4                CAN1_RX1_IRQHandler
                0x00000000080018c4                I2C1_EV_IRQHandler
                0x00000000080018c4                DMA1_Channel6_IRQHandler
                0x00000000080018c4                TIM3_IRQHandler
                0x00000000080018c4                RCC_IRQHandler
                0x00000000080018c4                TIM1_TRG_COM_IRQHandler
                0x00000000080018c4                DMA1_Channel1_IRQHandler
                0x00000000080018c4                Default_Handler
                0x00000000080018c4                EXTI15_10_IRQHandler
                0x00000000080018c4                EXTI9_5_IRQHandler
                0x00000000080018c4                DMA1_Channel5_IRQHandler
                0x00000000080018c4                EXTI4_IRQHandler
                0x00000000080018c4                USB_LP_CAN1_RX0_IRQHandler
                0x00000000080018c4                USB_HP_CAN1_TX_IRQHandler
                0x00000000080018c4                DMA1_Channel3_IRQHandler
                0x00000000080018c4                TIM1_UP_IRQHandler
                0x00000000080018c4                WWDG_IRQHandler
                0x00000000080018c4                TIM1_BRK_IRQHandler
                0x00000000080018c4                EXTI1_IRQHandler
                0x00000000080018c4                USART2_IRQHandler
                0x00000000080018c4                DMA1_Channel2_IRQHandler
                0x00000000080018c4                CAN1_SCE_IRQHandler
                0x00000000080018c4                FLASH_IRQHandler
                0x00000000080018c4                USART1_IRQHandler
                0x00000000080018c4                I2C1_ER_IRQHandler
                0x00000000080018c4                USBWakeUp_IRQHandler
 *fill*         0x00000000080018c6        0x2 
 .text.HAL_Init
                0x00000000080018c8       0x2c ./Drivers/STM32F1xx_HAL_Driver/Src/stm32f1xx_hal.o
                0x00000000080018c8                HAL_Init
 .text.HAL_InitTick
                0x00000000080018f4       0x60 ./Drivers/STM32F1xx_HAL_Driver/Src/stm32f1xx_hal.o
                0x00000000080018f4                HAL_InitTick
 .text.HAL_IncTick
                0x0000000008001954       0x24 ./Drivers/STM32F1xx_HAL_Driver/Src/stm32f1xx_hal.o
                0x0000000008001954                HAL_IncTick
 .text.HAL_GetTick
                0x0000000008001978       0x14 ./Drivers/STM32F1xx_HAL_Driver/Src/stm32f1xx_hal.o
                0x0000000008001978                HAL_GetTick
 .text.__NVIC_SetPriorityGrouping
                0x000000000800198c       0x48 ./Drivers/STM32F1xx_HAL_Driver/Src/stm32f1xx_hal_cortex.o
 .text.__NVIC_GetPriorityGrouping
                0x00000000080019d4       0x1c ./Drivers/STM32F1xx_HAL_Driver/Src/stm32f1xx_hal_cortex.o
 .text.__NVIC_EnableIRQ
                0x00000000080019f0       0x38 ./Drivers/STM32F1xx_HAL_Driver/Src/stm32f1xx_hal_cortex.o
 .text.__NVIC_SetPriority
                0x0000000008001a28       0x54 ./Drivers/STM32F1xx_HAL_Driver/Src/stm32f1xx_hal_cortex.o
 .text.NVIC_EncodePriority
                0x0000000008001a7c       0x64 ./Drivers/STM32F1xx_HAL_Driver/Src/stm32f1xx_hal_cortex.o
 .text.SysTick_Config
                0x0000000008001ae0       0x44 ./Drivers/STM32F1xx_HAL_Driver/Src/stm32f1xx_hal_cortex.o
 .text.HAL_NVIC_SetPriorityGrouping
                0x0000000008001b24       0x16 ./Drivers/STM32F1xx_HAL_Driver/Src/stm32f1xx_hal_cortex.o
                0x0000000008001b24                HAL_NVIC_SetPriorityGrouping
 .text.HAL_NVIC_SetPriority
                0x0000000008001b3a       0x38 ./Drivers/STM32F1xx_HAL_Driver/Src/stm32f1xx_hal_cortex.o
                0x0000000008001b3a                HAL_NVIC_SetPriority
 .text.HAL_NVIC_EnableIRQ
                0x0000000008001b72       0x1c ./Drivers/STM32F1xx_HAL_Driver/Src/stm32f1xx_hal_cortex.o
                0x0000000008001b72                HAL_NVIC_EnableIRQ
 .text.HAL_SYSTICK_Config
                0x0000000008001b8e       0x18 ./Drivers/STM32F1xx_HAL_Driver/Src/stm32f1xx_hal_cortex.o
                0x0000000008001b8e                HAL_SYSTICK_Config
 *fill*         0x0000000008001ba6        0x2 
 .text.HAL_GPIO_Init
                0x0000000008001ba8      0x2f4 ./Drivers/STM32F1xx_HAL_Driver/Src/stm32f1xx_hal_gpio.o
                0x0000000008001ba8                HAL_GPIO_Init
 .text.HAL_GPIO_ReadPin
                0x0000000008001e9c       0x2e ./Drivers/STM32F1xx_HAL_Driver/Src/stm32f1xx_hal_gpio.o
                0x0000000008001e9c                HAL_GPIO_ReadPin
 .text.HAL_GPIO_WritePin
                0x0000000008001eca       0x30 ./Drivers/STM32F1xx_HAL_Driver/Src/stm32f1xx_hal_gpio.o
                0x0000000008001eca                HAL_GPIO_WritePin
 .text.HAL_GPIO_TogglePin
                0x0000000008001efa       0x32 ./Drivers/STM32F1xx_HAL_Driver/Src/stm32f1xx_hal_gpio.o
                0x0000000008001efa                HAL_GPIO_TogglePin
 .text.HAL_RCC_OscConfig
                0x0000000008001f2c      0x500 ./Drivers/STM32F1xx_HAL_Driver/Src/stm32f1xx_hal_rcc.o
                0x0000000008001f2c                HAL_RCC_OscConfig
 .text.HAL_RCC_ClockConfig
                0x000000000800242c      0x1d4 ./Drivers/STM32F1xx_HAL_Driver/Src/stm32f1xx_hal_rcc.o
                0x000000000800242c                HAL_RCC_ClockConfig
 .text.HAL_RCC_GetSysClockFreq
                0x0000000008002600       0xa8 ./Drivers/STM32F1xx_HAL_Driver/Src/stm32f1xx_hal_rcc.o
                0x0000000008002600                HAL_RCC_GetSysClockFreq
 .text.RCC_Delay
                0x00000000080026a8       0x3c ./Drivers/STM32F1xx_HAL_Driver/Src/stm32f1xx_hal_rcc.o
 .text.HAL_TIM_Base_Init
                0x00000000080026e4       0x9e ./Drivers/STM32F1xx_HAL_Driver/Src/stm32f1xx_hal_tim.o
                0x00000000080026e4                HAL_TIM_Base_Init
 *fill*         0x0000000008002782        0x2 
 .text.HAL_TIM_Base_Start_IT
                0x0000000008002784       0x98 ./Drivers/STM32F1xx_HAL_Driver/Src/stm32f1xx_hal_tim.o
                0x0000000008002784                HAL_TIM_Base_Start_IT
 .text.HAL_TIM_IRQHandler
                0x000000000800281c      0x1e0 ./Drivers/STM32F1xx_HAL_Driver/Src/stm32f1xx_hal_tim.o
                0x000000000800281c                HAL_TIM_IRQHandler
 .text.HAL_TIM_ConfigClockSource
                0x00000000080029fc      0x18e ./Drivers/STM32F1xx_HAL_Driver/Src/stm32f1xx_hal_tim.o
                0x00000000080029fc                HAL_TIM_ConfigClockSource
 .text.HAL_TIM_OC_DelayElapsedCallback
                0x0000000008002b8a       0x12 ./Drivers/STM32F1xx_HAL_Driver/Src/stm32f1xx_hal_tim.o
                0x0000000008002b8a                HAL_TIM_OC_DelayElapsedCallback
 .text.HAL_TIM_IC_CaptureCallback
                0x0000000008002b9c       0x12 ./Drivers/STM32F1xx_HAL_Driver/Src/stm32f1xx_hal_tim.o
                0x0000000008002b9c                HAL_TIM_IC_CaptureCallback
 .text.HAL_TIM_PWM_PulseFinishedCallback
                0x0000000008002bae       0x12 ./Drivers/STM32F1xx_HAL_Driver/Src/stm32f1xx_hal_tim.o
                0x0000000008002bae                HAL_TIM_PWM_PulseFinishedCallback
 .text.HAL_TIM_TriggerCallback
                0x0000000008002bc0       0x12 ./Drivers/STM32F1xx_HAL_Driver/Src/stm32f1xx_hal_tim.o
                0x0000000008002bc0                HAL_TIM_TriggerCallback
 *fill*         0x0000000008002bd2        0x2 
 .text.TIM_Base_SetConfig
                0x0000000008002bd4       0xc8 ./Drivers/STM32F1xx_HAL_Driver/Src/stm32f1xx_hal_tim.o
                0x0000000008002bd4                TIM_Base_SetConfig
 .text.TIM_TI1_ConfigInputStage
                0x0000000008002c9c       0x5c ./Drivers/STM32F1xx_HAL_Driver/Src/stm32f1xx_hal_tim.o
 .text.TIM_TI2_ConfigInputStage
                0x0000000008002cf8       0x5e ./Drivers/STM32F1xx_HAL_Driver/Src/stm32f1xx_hal_tim.o
 .text.TIM_ITRx_SetConfig
                0x0000000008002d56       0x34 ./Drivers/STM32F1xx_HAL_Driver/Src/stm32f1xx_hal_tim.o
 .text.TIM_ETR_SetConfig
                0x0000000008002d8a       0x3e ./Drivers/STM32F1xx_HAL_Driver/Src/stm32f1xx_hal_tim.o
                0x0000000008002d8a                TIM_ETR_SetConfig
 .text.HAL_TIMEx_MasterConfigSynchronization
                0x0000000008002dc8       0xb0 ./Drivers/STM32F1xx_HAL_Driver/Src/stm32f1xx_hal_tim_ex.o
                0x0000000008002dc8                HAL_TIMEx_MasterConfigSynchronization
 .text.HAL_TIMEx_CommutCallback
                0x0000000008002e78       0x12 ./Drivers/STM32F1xx_HAL_Driver/Src/stm32f1xx_hal_tim_ex.o
                0x0000000008002e78                HAL_TIMEx_CommutCallback
 .text.HAL_TIMEx_BreakCallback
                0x0000000008002e8a       0x12 ./Drivers/STM32F1xx_HAL_Driver/Src/stm32f1xx_hal_tim_ex.o
                0x0000000008002e8a                HAL_TIMEx_BreakCallback
 .text.__libc_init_array
                0x0000000008002e9c       0x48 c:/st/stm32cubeide_1.7.0/stm32cubeide/plugins/com.st.stm32cube.ide.mcu.externaltools.gnu-tools-for-stm32.9-2020-q2-update.win32_2.0.0.202105311346/tools/bin/../lib/gcc/arm-none-eabi/9.3.1/../../../../arm-none-eabi/lib/thumb/v7-m/nofp\libc_nano.a(lib_a-init.o)
                0x0000000008002e9c                __libc_init_array
 .text.memset   0x0000000008002ee4       0x10 c:/st/stm32cubeide_1.7.0/stm32cubeide/plugins/com.st.stm32cube.ide.mcu.externaltools.gnu-tools-for-stm32.9-2020-q2-update.win32_2.0.0.202105311346/tools/bin/../lib/gcc/arm-none-eabi/9.3.1/../../../../arm-none-eabi/lib/thumb/v7-m/nofp\libc_nano.a(lib_a-memset.o)
                0x0000000008002ee4                memset
 *(.glue_7)
 .glue_7        0x0000000008002ef4        0x0 linker stubs
 *(.glue_7t)
 .glue_7t       0x0000000008002ef4        0x0 linker stubs
 *(.eh_frame)
 .eh_frame      0x0000000008002ef4        0x0 c:/st/stm32cubeide_1.7.0/stm32cubeide/plugins/com.st.stm32cube.ide.mcu.externaltools.gnu-tools-for-stm32.9-2020-q2-update.win32_2.0.0.202105311346/tools/bin/../lib/gcc/arm-none-eabi/9.3.1/thumb/v7-m/nofp/crtbegin.o
 *(.init)
 .init          0x0000000008002ef4        0x4 c:/st/stm32cubeide_1.7.0/stm32cubeide/plugins/com.st.stm32cube.ide.mcu.externaltools.gnu-tools-for-stm32.9-2020-q2-update.win32_2.0.0.202105311346/tools/bin/../lib/gcc/arm-none-eabi/9.3.1/thumb/v7-m/nofp/crti.o
                0x0000000008002ef4                _init
 .init          0x0000000008002ef8        0x8 c:/st/stm32cubeide_1.7.0/stm32cubeide/plugins/com.st.stm32cube.ide.mcu.externaltools.gnu-tools-for-stm32.9-2020-q2-update.win32_2.0.0.202105311346/tools/bin/../lib/gcc/arm-none-eabi/9.3.1/thumb/v7-m/nofp/crtn.o
 *(.fini)
 .fini          0x0000000008002f00        0x4 c:/st/stm32cubeide_1.7.0/stm32cubeide/plugins/com.st.stm32cube.ide.mcu.externaltools.gnu-tools-for-stm32.9-2020-q2-update.win32_2.0.0.202105311346/tools/bin/../lib/gcc/arm-none-eabi/9.3.1/thumb/v7-m/nofp/crti.o
                0x0000000008002f00                _fini
 .fini          0x0000000008002f04        0x8 c:/st/stm32cubeide_1.7.0/stm32cubeide/plugins/com.st.stm32cube.ide.mcu.externaltools.gnu-tools-for-stm32.9-2020-q2-update.win32_2.0.0.202105311346/tools/bin/../lib/gcc/arm-none-eabi/9.3.1/thumb/v7-m/nofp/crtn.o
                0x0000000008002f0c                . = ALIGN (0x4)
                0x0000000008002f0c                _etext = .

.vfp11_veneer   0x0000000008002f0c        0x0
 .vfp11_veneer  0x0000000008002f0c        0x0 linker stubs

.v4_bx          0x0000000008002f0c        0x0
 .v4_bx         0x0000000008002f0c        0x0 linker stubs

.iplt           0x0000000008002f0c        0x0
 .iplt          0x0000000008002f0c        0x0 c:/st/stm32cubeide_1.7.0/stm32cubeide/plugins/com.st.stm32cube.ide.mcu.externaltools.gnu-tools-for-stm32.9-2020-q2-update.win32_2.0.0.202105311346/tools/bin/../lib/gcc/arm-none-eabi/9.3.1/thumb/v7-m/nofp/crtbegin.o

.rodata         0x0000000008002f0c       0x24
                0x0000000008002f0c                . = ALIGN (0x4)
 *(.rodata)
 *(.rodata*)
 .rodata.AHBPrescTable
                0x0000000008002f0c       0x10 ./Core/Src/system_stm32f1xx.o
                0x0000000008002f0c                AHBPrescTable
 .rodata.aPLLMULFactorTable.6032
                0x0000000008002f1c       0x10 ./Drivers/STM32F1xx_HAL_Driver/Src/stm32f1xx_hal_rcc.o
 .rodata.aPredivFactorTable.6033
                0x0000000008002f2c        0x2 ./Drivers/STM32F1xx_HAL_Driver/Src/stm32f1xx_hal_rcc.o
                0x0000000008002f30                . = ALIGN (0x4)
 *fill*         0x0000000008002f2e        0x2 

.rel.dyn        0x0000000008002f30        0x0
 .rel.iplt      0x0000000008002f30        0x0 c:/st/stm32cubeide_1.7.0/stm32cubeide/plugins/com.st.stm32cube.ide.mcu.externaltools.gnu-tools-for-stm32.9-2020-q2-update.win32_2.0.0.202105311346/tools/bin/../lib/gcc/arm-none-eabi/9.3.1/thumb/v7-m/nofp/crtbegin.o

.ARM.extab      0x0000000008002f30        0x0
                0x0000000008002f30                . = ALIGN (0x4)
 *(.ARM.extab* .gnu.linkonce.armextab.*)
                0x0000000008002f30                . = ALIGN (0x4)

.ARM            0x0000000008002f30        0x0
                0x0000000008002f30                . = ALIGN (0x4)
                0x0000000008002f30                __exidx_start = .
 *(.ARM.exidx*)
                0x0000000008002f30                __exidx_end = .
                0x0000000008002f30                . = ALIGN (0x4)

.preinit_array  0x0000000008002f30        0x0
                0x0000000008002f30                . = ALIGN (0x4)
                0x0000000008002f30                PROVIDE (__preinit_array_start = .)
 *(.preinit_array*)
                0x0000000008002f30                PROVIDE (__preinit_array_end = .)
                0x0000000008002f30                . = ALIGN (0x4)

.init_array     0x0000000008002f30        0x4
                0x0000000008002f30                . = ALIGN (0x4)
                0x0000000008002f30                PROVIDE (__init_array_start = .)
 *(SORT_BY_NAME(.init_array.*))
 *(.init_array*)
 .init_array    0x0000000008002f30        0x4 c:/st/stm32cubeide_1.7.0/stm32cubeide/plugins/com.st.stm32cube.ide.mcu.externaltools.gnu-tools-for-stm32.9-2020-q2-update.win32_2.0.0.202105311346/tools/bin/../lib/gcc/arm-none-eabi/9.3.1/thumb/v7-m/nofp/crtbegin.o
                0x0000000008002f34                PROVIDE (__init_array_end = .)
                0x0000000008002f34                . = ALIGN (0x4)

.fini_array     0x0000000008002f34        0x4
                0x0000000008002f34                . = ALIGN (0x4)
                [!provide]                        PROVIDE (__fini_array_start = .)
 *(SORT_BY_NAME(.fini_array.*))
 *(.fini_array*)
 .fini_array    0x0000000008002f34        0x4 c:/st/stm32cubeide_1.7.0/stm32cubeide/plugins/com.st.stm32cube.ide.mcu.externaltools.gnu-tools-for-stm32.9-2020-q2-update.win32_2.0.0.202105311346/tools/bin/../lib/gcc/arm-none-eabi/9.3.1/thumb/v7-m/nofp/crtbegin.o
                [!provide]                        PROVIDE (__fini_array_end = .)
                0x0000000008002f38                . = ALIGN (0x4)
                0x0000000008002f38                _sidata = LOADADDR (.data)

.data           0x0000000020000000       0xf4 load address 0x0000000008002f38
                0x0000000020000000                . = ALIGN (0x4)
                0x0000000020000000                _sdata = .
 *(.data)
 *(.data*)
 .data.KeyReg0  0x0000000020000000        0xc ./Core/Src/button.o
                0x0000000020000000                KeyReg0
 .data.KeyReg1  0x000000002000000c        0xc ./Core/Src/button.o
                0x000000002000000c                KeyReg1
 .data.KeyReg2  0x0000000020000018        0xc ./Core/Src/button.o
                0x0000000020000018                KeyReg2
 .data.KeyReg3  0x0000000020000024        0xc ./Core/Src/button.o
                0x0000000020000024                KeyReg3
 .data.TimeOutForKeyPress
                0x0000000020000030        0xc ./Core/Src/button.o
                0x0000000020000030                TimeOutForKeyPress
 .data.butt_ports
                0x000000002000003c        0xc ./Core/Src/button.o
                0x000000002000003c                butt_ports
 .data.butt_pins
                0x0000000020000048        0x6 ./Core/Src/button.o
                0x0000000020000048                butt_pins
 *fill*         0x000000002000004e        0x2 
 .data.status   0x0000000020000050        0x4 ./Core/Src/global.o
                0x0000000020000050                status
 .data.mode     0x0000000020000054        0x4 ./Core/Src/global.o
                0x0000000020000054                mode
 .data.led_red_duration
                0x0000000020000058        0x4 ./Core/Src/global.o
                0x0000000020000058                led_red_duration
 .data.led_yellow_duration
                0x000000002000005c        0x4 ./Core/Src/global.o
                0x000000002000005c                led_yellow_duration
 .data.led_green_duration
                0x0000000020000060        0x4 ./Core/Src/global.o
                0x0000000020000060                led_green_duration
 .data.red_counter
                0x0000000020000064        0x4 ./Core/Src/global.o
                0x0000000020000064                red_counter
 .data.yellow_counter
                0x0000000020000068        0x4 ./Core/Src/global.o
                0x0000000020000068                yellow_counter
 .data.green_counter
                0x000000002000006c        0x4 ./Core/Src/global.o
                0x000000002000006c                green_counter
 .data.led_buffer
                0x0000000020000070       0x18 ./Core/Src/global.o
                0x0000000020000070                led_buffer
 .data.led_counter_buffer
                0x0000000020000088       0x18 ./Core/Src/global.o
                0x0000000020000088                led_counter_buffer
 .data.mode_buffer
                0x00000000200000a0        0x8 ./Core/Src/global.o
                0x00000000200000a0                mode_buffer
 .data.led_color_pair
                0x00000000200000a8        0x8 ./Core/Src/global.o
                0x00000000200000a8                led_color_pair
 .data.red_7seg_counter
                0x00000000200000b0        0x4 ./Core/Src/global.o
                0x00000000200000b0                red_7seg_counter
 .data.yellow_7seg_counter
                0x00000000200000b4        0x4 ./Core/Src/global.o
                0x00000000200000b4                yellow_7seg_counter
 .data.green_7seg_counter
                0x00000000200000b8        0x4 ./Core/Src/global.o
                0x00000000200000b8                green_7seg_counter
 .data.SystemCoreClock
                0x00000000200000bc        0x4 ./Core/Src/system_stm32f1xx.o
                0x00000000200000bc                SystemCoreClock
 .data.led_ports
                0x00000000200000c0       0x18 ./Core/Src/traffic.o
                0x00000000200000c0                led_ports
 .data.led_pins
                0x00000000200000d8        0xc ./Core/Src/traffic.o
                0x00000000200000d8                led_pins
 .data.pin_logic_value
                0x00000000200000e4        0x8 ./Core/Src/traffic.o
                0x00000000200000e4                pin_logic_value
 .data.uwTickPrio
                0x00000000200000ec        0x4 ./Drivers/STM32F1xx_HAL_Driver/Src/stm32f1xx_hal.o
                0x00000000200000ec                uwTickPrio
 .data.uwTickFreq
                0x00000000200000f0        0x1 ./Drivers/STM32F1xx_HAL_Driver/Src/stm32f1xx_hal.o
                0x00000000200000f0                uwTickFreq
 *(.RamFunc)
 *(.RamFunc*)
                0x00000000200000f4                . = ALIGN (0x4)
 *fill*         0x00000000200000f1        0x3 
                0x00000000200000f4                _edata = .

.igot.plt       0x00000000200000f4        0x0 load address 0x000000000800302c
 .igot.plt      0x00000000200000f4        0x0 c:/st/stm32cubeide_1.7.0/stm32cubeide/plugins/com.st.stm32cube.ide.mcu.externaltools.gnu-tools-for-stm32.9-2020-q2-update.win32_2.0.0.202105311346/tools/bin/../lib/gcc/arm-none-eabi/9.3.1/thumb/v7-m/nofp/crtbegin.o
                0x00000000200000f4                . = ALIGN (0x4)

.bss            0x00000000200000f4       0xbc load address 0x000000000800302c
                0x00000000200000f4                _sbss = .
                0x00000000200000f4                __bss_start__ = _sbss
 *(.bss)
 .bss           0x00000000200000f4       0x1c c:/st/stm32cubeide_1.7.0/stm32cubeide/plugins/com.st.stm32cube.ide.mcu.externaltools.gnu-tools-for-stm32.9-2020-q2-update.win32_2.0.0.202105311346/tools/bin/../lib/gcc/arm-none-eabi/9.3.1/thumb/v7-m/nofp/crtbegin.o
 *(.bss*)
 .bss.button_pressed
                0x0000000020000110        0xc ./Core/Src/button.o
                0x0000000020000110                button_pressed
 .bss.button_long_pressed
                0x000000002000011c        0xc ./Core/Src/button.o
                0x000000002000011c                button_long_pressed
 .bss.index_led
                0x0000000020000128        0x4 ./Core/Src/global.o
                0x0000000020000128                index_led
 .bss.timer_counter
                0x000000002000012c       0x14 ./Core/Src/software_timer.o
                0x000000002000012c                timer_counter
 .bss.timer_flag
                0x0000000020000140       0x14 ./Core/Src/software_timer.o
                0x0000000020000140                timer_flag
 *(COMMON)
 COMMON         0x0000000020000154       0x10 ./Core/Src/fsm.o
                0x0000000020000154                MAX_PARAM
                0x0000000020000158                green_temp_counter
                0x000000002000015c                TICK
                0x0000000020000160                yellow_temp_counter
 COMMON         0x0000000020000164       0x48 ./Core/Src/main.o
                0x0000000020000164                htim2
 COMMON         0x00000000200001ac        0x4 ./Drivers/STM32F1xx_HAL_Driver/Src/stm32f1xx_hal.o
                0x00000000200001ac                uwTick
                0x00000000200001b0                . = ALIGN (0x4)
                0x00000000200001b0                _ebss = .
                0x00000000200001b0                __bss_end__ = _ebss

._user_heap_stack
                0x00000000200001b0      0x600 load address 0x000000000800302c
                0x00000000200001b0                . = ALIGN (0x8)
                [!provide]                        PROVIDE (end = .)
                0x00000000200001b0                PROVIDE (_end = .)
                0x00000000200003b0                . = (. + _Min_Heap_Size)
 *fill*         0x00000000200001b0      0x200 
                0x00000000200007b0                . = (. + _Min_Stack_Size)
 *fill*         0x00000000200003b0      0x400 
                0x00000000200007b0                . = ALIGN (0x8)

/DISCARD/
 libc.a(*)
 libm.a(*)
 libgcc.a(*)

.ARM.attributes
                0x0000000000000000       0x29
 *(.ARM.attributes)
 .ARM.attributes
                0x0000000000000000       0x1d c:/st/stm32cubeide_1.7.0/stm32cubeide/plugins/com.st.stm32cube.ide.mcu.externaltools.gnu-tools-for-stm32.9-2020-q2-update.win32_2.0.0.202105311346/tools/bin/../lib/gcc/arm-none-eabi/9.3.1/thumb/v7-m/nofp/crti.o
 .ARM.attributes
                0x000000000000001d       0x2d c:/st/stm32cubeide_1.7.0/stm32cubeide/plugins/com.st.stm32cube.ide.mcu.externaltools.gnu-tools-for-stm32.9-2020-q2-update.win32_2.0.0.202105311346/tools/bin/../lib/gcc/arm-none-eabi/9.3.1/thumb/v7-m/nofp/crtbegin.o
 .ARM.attributes
                0x000000000000004a       0x2d ./Core/Src/button.o
 .ARM.attributes
                0x0000000000000077       0x2d ./Core/Src/fsm.o
 .ARM.attributes
                0x00000000000000a4       0x2d ./Core/Src/global.o
 .ARM.attributes
                0x00000000000000d1       0x2d ./Core/Src/led_7seg.o
 .ARM.attributes
                0x00000000000000fe       0x2d ./Core/Src/main.o
 .ARM.attributes
                0x000000000000012b       0x2d ./Core/Src/software_timer.o
 .ARM.attributes
                0x0000000000000158       0x2d ./Core/Src/stm32f1xx_hal_msp.o
 .ARM.attributes
                0x0000000000000185       0x2d ./Core/Src/stm32f1xx_it.o
 .ARM.attributes
                0x00000000000001b2       0x2d ./Core/Src/system_stm32f1xx.o
 .ARM.attributes
                0x00000000000001df       0x2d ./Core/Src/traffic.o
 .ARM.attributes
                0x000000000000020c       0x21 ./Core/Startup/startup_stm32f103c6ux.o
 .ARM.attributes
                0x000000000000022d       0x2d ./Drivers/STM32F1xx_HAL_Driver/Src/stm32f1xx_hal.o
 .ARM.attributes
                0x000000000000025a       0x2d ./Drivers/STM32F1xx_HAL_Driver/Src/stm32f1xx_hal_cortex.o
 .ARM.attributes
                0x0000000000000287       0x2d ./Drivers/STM32F1xx_HAL_Driver/Src/stm32f1xx_hal_gpio.o
 .ARM.attributes
                0x00000000000002b4       0x2d ./Drivers/STM32F1xx_HAL_Driver/Src/stm32f1xx_hal_rcc.o
 .ARM.attributes
                0x00000000000002e1       0x2d ./Drivers/STM32F1xx_HAL_Driver/Src/stm32f1xx_hal_tim.o
 .ARM.attributes
                0x000000000000030e       0x2d ./Drivers/STM32F1xx_HAL_Driver/Src/stm32f1xx_hal_tim_ex.o
 .ARM.attributes
                0x000000000000033b       0x2d c:/st/stm32cubeide_1.7.0/stm32cubeide/plugins/com.st.stm32cube.ide.mcu.externaltools.gnu-tools-for-stm32.9-2020-q2-update.win32_2.0.0.202105311346/tools/bin/../lib/gcc/arm-none-eabi/9.3.1/../../../../arm-none-eabi/lib/thumb/v7-m/nofp\libc_nano.a(lib_a-init.o)
 .ARM.attributes
                0x0000000000000368       0x2d c:/st/stm32cubeide_1.7.0/stm32cubeide/plugins/com.st.stm32cube.ide.mcu.externaltools.gnu-tools-for-stm32.9-2020-q2-update.win32_2.0.0.202105311346/tools/bin/../lib/gcc/arm-none-eabi/9.3.1/../../../../arm-none-eabi/lib/thumb/v7-m/nofp\libc_nano.a(lib_a-memset.o)
 .ARM.attributes
                0x0000000000000395       0x1d c:/st/stm32cubeide_1.7.0/stm32cubeide/plugins/com.st.stm32cube.ide.mcu.externaltools.gnu-tools-for-stm32.9-2020-q2-update.win32_2.0.0.202105311346/tools/bin/../lib/gcc/arm-none-eabi/9.3.1/thumb/v7-m/nofp/crtn.o
OUTPUT(Lab_3.elf elf32-littlearm)
LOAD linker stubs
LOAD c:/st/stm32cubeide_1.7.0/stm32cubeide/plugins/com.st.stm32cube.ide.mcu.externaltools.gnu-tools-for-stm32.9-2020-q2-update.win32_2.0.0.202105311346/tools/bin/../lib/gcc/arm-none-eabi/9.3.1/../../../../arm-none-eabi/lib/thumb/v7-m/nofp\libc.a
LOAD c:/st/stm32cubeide_1.7.0/stm32cubeide/plugins/com.st.stm32cube.ide.mcu.externaltools.gnu-tools-for-stm32.9-2020-q2-update.win32_2.0.0.202105311346/tools/bin/../lib/gcc/arm-none-eabi/9.3.1/../../../../arm-none-eabi/lib/thumb/v7-m/nofp\libm.a
LOAD c:/st/stm32cubeide_1.7.0/stm32cubeide/plugins/com.st.stm32cube.ide.mcu.externaltools.gnu-tools-for-stm32.9-2020-q2-update.win32_2.0.0.202105311346/tools/bin/../lib/gcc/arm-none-eabi/9.3.1/thumb/v7-m/nofp\libgcc.a

.debug_info     0x0000000000000000     0x9bca
 .debug_info    0x0000000000000000      0x3b8 ./Core/Src/button.o
 .debug_info    0x00000000000003b8      0x33b ./Core/Src/fsm.o
 .debug_info    0x00000000000006f3      0x441 ./Core/Src/global.o
 .debug_info    0x0000000000000b34      0x427 ./Core/Src/led_7seg.o
 .debug_info    0x0000000000000f5b      0xccf ./Core/Src/main.o
 .debug_info    0x0000000000001c2a      0x26c ./Core/Src/software_timer.o
 .debug_info    0x0000000000001e96      0xa09 ./Core/Src/stm32f1xx_hal_msp.o
 .debug_info    0x000000000000289f      0x7b9 ./Core/Src/stm32f1xx_it.o
 .debug_info    0x0000000000003058      0x2be ./Core/Src/system_stm32f1xx.o
 .debug_info    0x0000000000003316      0x443 ./Core/Src/traffic.o
 .debug_info    0x0000000000003759       0x22 ./Core/Startup/startup_stm32f103c6ux.o
 .debug_info    0x000000000000377b      0x74c ./Drivers/STM32F1xx_HAL_Driver/Src/stm32f1xx_hal.o
 .debug_info    0x0000000000003ec7      0xbbe ./Drivers/STM32F1xx_HAL_Driver/Src/stm32f1xx_hal_cortex.o
 .debug_info    0x0000000000004a85      0x701 ./Drivers/STM32F1xx_HAL_Driver/Src/stm32f1xx_hal_gpio.o
 .debug_info    0x0000000000005186      0x893 ./Drivers/STM32F1xx_HAL_Driver/Src/stm32f1xx_hal_rcc.o
 .debug_info    0x0000000000005a19     0x2c32 ./Drivers/STM32F1xx_HAL_Driver/Src/stm32f1xx_hal_tim.o
 .debug_info    0x000000000000864b     0x157f ./Drivers/STM32F1xx_HAL_Driver/Src/stm32f1xx_hal_tim_ex.o

.debug_abbrev   0x0000000000000000     0x1c7a
 .debug_abbrev  0x0000000000000000      0x18d ./Core/Src/button.o
 .debug_abbrev  0x000000000000018d       0xe6 ./Core/Src/fsm.o
 .debug_abbrev  0x0000000000000273      0x11d ./Core/Src/global.o
 .debug_abbrev  0x0000000000000390      0x187 ./Core/Src/led_7seg.o
 .debug_abbrev  0x0000000000000517      0x231 ./Core/Src/main.o
 .debug_abbrev  0x0000000000000748      0x142 ./Core/Src/software_timer.o
 .debug_abbrev  0x000000000000088a      0x1b7 ./Core/Src/stm32f1xx_hal_msp.o
 .debug_abbrev  0x0000000000000a41      0x176 ./Core/Src/stm32f1xx_it.o
 .debug_abbrev  0x0000000000000bb7      0x14e ./Core/Src/system_stm32f1xx.o
 .debug_abbrev  0x0000000000000d05      0x144 ./Core/Src/traffic.o
 .debug_abbrev  0x0000000000000e49       0x12 ./Core/Startup/startup_stm32f103c6ux.o
 .debug_abbrev  0x0000000000000e5b      0x1ed ./Drivers/STM32F1xx_HAL_Driver/Src/stm32f1xx_hal.o
 .debug_abbrev  0x0000000000001048      0x313 ./Drivers/STM32F1xx_HAL_Driver/Src/stm32f1xx_hal_cortex.o
 .debug_abbrev  0x000000000000135b      0x1e8 ./Drivers/STM32F1xx_HAL_Driver/Src/stm32f1xx_hal_gpio.o
 .debug_abbrev  0x0000000000001543      0x273 ./Drivers/STM32F1xx_HAL_Driver/Src/stm32f1xx_hal_rcc.o
 .debug_abbrev  0x00000000000017b6      0x25e ./Drivers/STM32F1xx_HAL_Driver/Src/stm32f1xx_hal_tim.o
 .debug_abbrev  0x0000000000001a14      0x266 ./Drivers/STM32F1xx_HAL_Driver/Src/stm32f1xx_hal_tim_ex.o

.debug_aranges  0x0000000000000000      0xa70
 .debug_aranges
                0x0000000000000000       0x30 ./Core/Src/button.o
 .debug_aranges
                0x0000000000000030       0x40 ./Core/Src/fsm.o
 .debug_aranges
                0x0000000000000070       0x20 ./Core/Src/global.o
 .debug_aranges
                0x0000000000000090       0x50 ./Core/Src/led_7seg.o
 .debug_aranges
                0x00000000000000e0       0x48 ./Core/Src/main.o
 .debug_aranges
                0x0000000000000128       0x30 ./Core/Src/software_timer.o
 .debug_aranges
                0x0000000000000158       0x30 ./Core/Src/stm32f1xx_hal_msp.o
 .debug_aranges
                0x0000000000000188       0x68 ./Core/Src/stm32f1xx_it.o
 .debug_aranges
                0x00000000000001f0       0x28 ./Core/Src/system_stm32f1xx.o
 .debug_aranges
                0x0000000000000218       0x30 ./Core/Src/traffic.o
 .debug_aranges
                0x0000000000000248       0x28 ./Core/Startup/startup_stm32f103c6ux.o
 .debug_aranges
                0x0000000000000270       0xe0 ./Drivers/STM32F1xx_HAL_Driver/Src/stm32f1xx_hal.o
 .debug_aranges
                0x0000000000000350      0x100 ./Drivers/STM32F1xx_HAL_Driver/Src/stm32f1xx_hal_cortex.o
 .debug_aranges
                0x0000000000000450       0x58 ./Drivers/STM32F1xx_HAL_Driver/Src/stm32f1xx_hal_gpio.o
 .debug_aranges
                0x00000000000004a8       0x90 ./Drivers/STM32F1xx_HAL_Driver/Src/stm32f1xx_hal_rcc.o
 .debug_aranges
                0x0000000000000538      0x3d0 ./Drivers/STM32F1xx_HAL_Driver/Src/stm32f1xx_hal_tim.o
 .debug_aranges
                0x0000000000000908      0x168 ./Drivers/STM32F1xx_HAL_Driver/Src/stm32f1xx_hal_tim_ex.o

.debug_ranges   0x0000000000000000      0x968
 .debug_ranges  0x0000000000000000       0x20 ./Core/Src/button.o
 .debug_ranges  0x0000000000000020       0x30 ./Core/Src/fsm.o
 .debug_ranges  0x0000000000000050       0x10 ./Core/Src/global.o
 .debug_ranges  0x0000000000000060       0x40 ./Core/Src/led_7seg.o
 .debug_ranges  0x00000000000000a0       0x38 ./Core/Src/main.o
 .debug_ranges  0x00000000000000d8       0x20 ./Core/Src/software_timer.o
 .debug_ranges  0x00000000000000f8       0x20 ./Core/Src/stm32f1xx_hal_msp.o
 .debug_ranges  0x0000000000000118       0x58 ./Core/Src/stm32f1xx_it.o
 .debug_ranges  0x0000000000000170       0x18 ./Core/Src/system_stm32f1xx.o
 .debug_ranges  0x0000000000000188       0x20 ./Core/Src/traffic.o
 .debug_ranges  0x00000000000001a8       0x20 ./Core/Startup/startup_stm32f103c6ux.o
 .debug_ranges  0x00000000000001c8       0xd0 ./Drivers/STM32F1xx_HAL_Driver/Src/stm32f1xx_hal.o
 .debug_ranges  0x0000000000000298       0xf0 ./Drivers/STM32F1xx_HAL_Driver/Src/stm32f1xx_hal_cortex.o
 .debug_ranges  0x0000000000000388       0x48 ./Drivers/STM32F1xx_HAL_Driver/Src/stm32f1xx_hal_gpio.o
 .debug_ranges  0x00000000000003d0       0x80 ./Drivers/STM32F1xx_HAL_Driver/Src/stm32f1xx_hal_rcc.o
 .debug_ranges  0x0000000000000450      0x3c0 ./Drivers/STM32F1xx_HAL_Driver/Src/stm32f1xx_hal_tim.o
 .debug_ranges  0x0000000000000810      0x158 ./Drivers/STM32F1xx_HAL_Driver/Src/stm32f1xx_hal_tim_ex.o

.debug_macro    0x0000000000000000    0x16ec1
 .debug_macro   0x0000000000000000      0x1c2 ./Core/Src/button.o
 .debug_macro   0x00000000000001c2      0xa9c ./Core/Src/button.o
 .debug_macro   0x0000000000000c5e      0x215 ./Core/Src/button.o
 .debug_macro   0x0000000000000e73       0x2e ./Core/Src/button.o
 .debug_macro   0x0000000000000ea1       0x22 ./Core/Src/button.o
 .debug_macro   0x0000000000000ec3       0x22 ./Core/Src/button.o
 .debug_macro   0x0000000000000ee5       0x8e ./Core/Src/button.o
 .debug_macro   0x0000000000000f73       0x51 ./Core/Src/button.o
 .debug_macro   0x0000000000000fc4      0x103 ./Core/Src/button.o
 .debug_macro   0x00000000000010c7       0x6a ./Core/Src/button.o
 .debug_macro   0x0000000000001131      0x1df ./Core/Src/button.o
 .debug_macro   0x0000000000001310       0x1c ./Core/Src/button.o
 .debug_macro   0x000000000000132c       0x22 ./Core/Src/button.o
 .debug_macro   0x000000000000134e       0xc3 ./Core/Src/button.o
 .debug_macro   0x0000000000001411      0xd23 ./Core/Src/button.o
 .debug_macro   0x0000000000002134     0xde75 ./Core/Src/button.o
 .debug_macro   0x000000000000ffa9       0x6d ./Core/Src/button.o
 .debug_macro   0x0000000000010016     0x34a2 ./Core/Src/button.o
 .debug_macro   0x00000000000134b8      0x174 ./Core/Src/button.o
 .debug_macro   0x000000000001362c       0x5c ./Core/Src/button.o
 .debug_macro   0x0000000000013688      0x5bc ./Core/Src/button.o
 .debug_macro   0x0000000000013c44      0x1b7 ./Core/Src/button.o
 .debug_macro   0x0000000000013dfb      0x1cb ./Core/Src/button.o
 .debug_macro   0x0000000000013fc6      0x114 ./Core/Src/button.o
 .debug_macro   0x00000000000140da      0x1b2 ./Core/Src/button.o
 .debug_macro   0x000000000001428c       0x27 ./Core/Src/button.o
 .debug_macro   0x00000000000142b3      0x12f ./Core/Src/button.o
 .debug_macro   0x00000000000143e2      0x1bc ./Core/Src/button.o
 .debug_macro   0x000000000001459e       0x34 ./Core/Src/button.o
 .debug_macro   0x00000000000145d2       0x3c ./Core/Src/button.o
 .debug_macro   0x000000000001460e       0x57 ./Core/Src/button.o
 .debug_macro   0x0000000000014665       0x87 ./Core/Src/button.o
 .debug_macro   0x00000000000146ec      0x183 ./Core/Src/button.o
 .debug_macro   0x000000000001486f      0x140 ./Core/Src/button.o
 .debug_macro   0x00000000000149af      0x8ed ./Core/Src/button.o
 .debug_macro   0x000000000001529c       0x69 ./Core/Src/button.o
 .debug_macro   0x0000000000015305       0xf4 ./Core/Src/button.o
 .debug_macro   0x00000000000153f9      0x1ef ./Core/Src/fsm.o
 .debug_macro   0x00000000000155e8       0x4c ./Core/Src/fsm.o
 .debug_macro   0x0000000000015634      0x1eb ./Core/Src/global.o
 .debug_macro   0x000000000001581f      0x1ef ./Core/Src/led_7seg.o
 .debug_macro   0x0000000000015a0e      0x1ef ./Core/Src/main.o
 .debug_macro   0x0000000000015bfd      0x1bc ./Core/Src/software_timer.o
 .debug_macro   0x0000000000015db9      0x1a6 ./Core/Src/stm32f1xx_hal_msp.o
 .debug_macro   0x0000000000015f5f      0x1b0 ./Core/Src/stm32f1xx_it.o
 .debug_macro   0x000000000001610f      0x197 ./Core/Src/system_stm32f1xx.o
 .debug_macro   0x00000000000162a6      0x1ef ./Core/Src/traffic.o
 .debug_macro   0x0000000000016495      0x1bb ./Drivers/STM32F1xx_HAL_Driver/Src/stm32f1xx_hal.o
 .debug_macro   0x0000000000016650      0x197 ./Drivers/STM32F1xx_HAL_Driver/Src/stm32f1xx_hal_cortex.o
 .debug_macro   0x00000000000167e7      0x202 ./Drivers/STM32F1xx_HAL_Driver/Src/stm32f1xx_hal_gpio.o
 .debug_macro   0x00000000000169e9      0x1a9 ./Drivers/STM32F1xx_HAL_Driver/Src/stm32f1xx_hal_rcc.o
 .debug_macro   0x0000000000016b92      0x198 ./Drivers/STM32F1xx_HAL_Driver/Src/stm32f1xx_hal_tim.o
 .debug_macro   0x0000000000016d2a      0x197 ./Drivers/STM32F1xx_HAL_Driver/Src/stm32f1xx_hal_tim_ex.o

.debug_line     0x0000000000000000     0xc1a8
 .debug_line    0x0000000000000000      0x720 ./Core/Src/button.o
 .debug_line    0x0000000000000720      0x9f6 ./Core/Src/fsm.o
 .debug_line    0x0000000000001116      0x6ad ./Core/Src/global.o
 .debug_line    0x00000000000017c3      0x87b ./Core/Src/led_7seg.o
 .debug_line    0x000000000000203e      0x7d3 ./Core/Src/main.o
 .debug_line    0x0000000000002811      0x6de ./Core/Src/software_timer.o
 .debug_line    0x0000000000002eef      0x6a1 ./Core/Src/stm32f1xx_hal_msp.o
 .debug_line    0x0000000000003590      0x73f ./Core/Src/stm32f1xx_it.o
 .debug_line    0x0000000000003ccf      0x6e3 ./Core/Src/system_stm32f1xx.o
 .debug_line    0x00000000000043b2      0x732 ./Core/Src/traffic.o
 .debug_line    0x0000000000004ae4       0x86 ./Core/Startup/startup_stm32f103c6ux.o
 .debug_line    0x0000000000004b6a      0x910 ./Drivers/STM32F1xx_HAL_Driver/Src/stm32f1xx_hal.o
 .debug_line    0x000000000000547a      0xaf8 ./Drivers/STM32F1xx_HAL_Driver/Src/stm32f1xx_hal_cortex.o
 .debug_line    0x0000000000005f72      0x993 ./Drivers/STM32F1xx_HAL_Driver/Src/stm32f1xx_hal_gpio.o
 .debug_line    0x0000000000006905      0xd1c ./Drivers/STM32F1xx_HAL_Driver/Src/stm32f1xx_hal_rcc.o
 .debug_line    0x0000000000007621     0x3361 ./Drivers/STM32F1xx_HAL_Driver/Src/stm32f1xx_hal_tim.o
 .debug_line    0x000000000000a982     0x1826 ./Drivers/STM32F1xx_HAL_Driver/Src/stm32f1xx_hal_tim_ex.o

.debug_str      0x0000000000000000    0x82586
 .debug_str     0x0000000000000000    0x7f853 ./Core/Src/button.o
                                      0x7fb97 (size before relaxing)
 .debug_str     0x000000000007f853      0x29b ./Core/Src/fsm.o
                                      0x7fd2f (size before relaxing)
 .debug_str     0x000000000007faee       0x22 ./Core/Src/global.o
                                      0x7fce4 (size before relaxing)
 .debug_str     0x000000000007fb10       0x8a ./Core/Src/led_7seg.o
                                      0x7fd74 (size before relaxing)
 .debug_str     0x000000000007fb9a      0x6df ./Core/Src/main.o
                                      0x8046d (size before relaxing)
 .debug_str     0x0000000000080279       0x53 ./Core/Src/software_timer.o
                                      0x7fadd (size before relaxing)
 .debug_str     0x00000000000802cc      0x2ba ./Core/Src/stm32f1xx_hal_msp.o
                                      0x80261 (size before relaxing)
 .debug_str     0x0000000000080586       0xcd ./Core/Src/stm32f1xx_it.o
                                      0x7ffc3 (size before relaxing)
 .debug_str     0x0000000000080653       0x52 ./Core/Src/system_stm32f1xx.o
                                      0x7f762 (size before relaxing)
 .debug_str     0x00000000000806a5       0x68 ./Core/Src/traffic.o
                                      0x7fd46 (size before relaxing)
 .debug_str     0x000000000008070d       0x36 ./Core/Startup/startup_stm32f103c6ux.o
                                         0x56 (size before relaxing)
 .debug_str     0x0000000000080743      0x304 ./Drivers/STM32F1xx_HAL_Driver/Src/stm32f1xx_hal.o
                                      0x7fdb9 (size before relaxing)
 .debug_str     0x0000000000080a47      0x300 ./Drivers/STM32F1xx_HAL_Driver/Src/stm32f1xx_hal_cortex.o
                                      0x7fdc1 (size before relaxing)
 .debug_str     0x0000000000080d47      0x324 ./Drivers/STM32F1xx_HAL_Driver/Src/stm32f1xx_hal_gpio.o
                                      0x7fb26 (size before relaxing)
 .debug_str     0x000000000008106b      0x24f ./Drivers/STM32F1xx_HAL_Driver/Src/stm32f1xx_hal_rcc.o
                                      0x7fb5f (size before relaxing)
 .debug_str     0x00000000000812ba      0xdde ./Drivers/STM32F1xx_HAL_Driver/Src/stm32f1xx_hal_tim.o
                                      0x80b48 (size before relaxing)
 .debug_str     0x0000000000082098      0x4ee ./Drivers/STM32F1xx_HAL_Driver/Src/stm32f1xx_hal_tim_ex.o
                                      0x802e9 (size before relaxing)

.comment        0x0000000000000000       0x53
 .comment       0x0000000000000000       0x53 ./Core/Src/button.o
                                         0x54 (size before relaxing)
 .comment       0x0000000000000053       0x54 ./Core/Src/fsm.o
 .comment       0x0000000000000053       0x54 ./Core/Src/global.o
 .comment       0x0000000000000053       0x54 ./Core/Src/led_7seg.o
 .comment       0x0000000000000053       0x54 ./Core/Src/main.o
 .comment       0x0000000000000053       0x54 ./Core/Src/software_timer.o
 .comment       0x0000000000000053       0x54 ./Core/Src/stm32f1xx_hal_msp.o
 .comment       0x0000000000000053       0x54 ./Core/Src/stm32f1xx_it.o
 .comment       0x0000000000000053       0x54 ./Core/Src/system_stm32f1xx.o
 .comment       0x0000000000000053       0x54 ./Core/Src/traffic.o
 .comment       0x0000000000000053       0x54 ./Drivers/STM32F1xx_HAL_Driver/Src/stm32f1xx_hal.o
 .comment       0x0000000000000053       0x54 ./Drivers/STM32F1xx_HAL_Driver/Src/stm32f1xx_hal_cortex.o
 .comment       0x0000000000000053       0x54 ./Drivers/STM32F1xx_HAL_Driver/Src/stm32f1xx_hal_gpio.o
 .comment       0x0000000000000053       0x54 ./Drivers/STM32F1xx_HAL_Driver/Src/stm32f1xx_hal_rcc.o
 .comment       0x0000000000000053       0x54 ./Drivers/STM32F1xx_HAL_Driver/Src/stm32f1xx_hal_tim.o
 .comment       0x0000000000000053       0x54 ./Drivers/STM32F1xx_HAL_Driver/Src/stm32f1xx_hal_tim_ex.o

.debug_frame    0x0000000000000000     0x2914
 .debug_frame   0x0000000000000000       0x84 ./Core/Src/button.o
 .debug_frame   0x0000000000000084       0xac ./Core/Src/fsm.o
 .debug_frame   0x0000000000000130       0x2c ./Core/Src/global.o
 .debug_frame   0x000000000000015c       0xf8 ./Core/Src/led_7seg.o
 .debug_frame   0x0000000000000254       0xd4 ./Core/Src/main.o
 .debug_frame   0x0000000000000328       0x88 ./Core/Src/software_timer.o
 .debug_frame   0x00000000000003b0       0x80 ./Core/Src/stm32f1xx_hal_msp.o
 .debug_frame   0x0000000000000430      0x120 ./Core/Src/stm32f1xx_it.o
 .debug_frame   0x0000000000000550       0x58 ./Core/Src/system_stm32f1xx.o
 .debug_frame   0x00000000000005a8       0x74 ./Core/Src/traffic.o
 .debug_frame   0x000000000000061c      0x334 ./Drivers/STM32F1xx_HAL_Driver/Src/stm32f1xx_hal.o
 .debug_frame   0x0000000000000950      0x428 ./Drivers/STM32F1xx_HAL_Driver/Src/stm32f1xx_hal_cortex.o
 .debug_frame   0x0000000000000d78      0x14c ./Drivers/STM32F1xx_HAL_Driver/Src/stm32f1xx_hal_gpio.o
 .debug_frame   0x0000000000000ec4      0x218 ./Drivers/STM32F1xx_HAL_Driver/Src/stm32f1xx_hal_rcc.o
 .debug_frame   0x00000000000010dc     0x11b4 ./Drivers/STM32F1xx_HAL_Driver/Src/stm32f1xx_hal_tim.o
 .debug_frame   0x0000000000002290      0x638 ./Drivers/STM32F1xx_HAL_Driver/Src/stm32f1xx_hal_tim_ex.o
 .debug_frame   0x00000000000028c8       0x2c c:/st/stm32cubeide_1.7.0/stm32cubeide/plugins/com.st.stm32cube.ide.mcu.externaltools.gnu-tools-for-stm32.9-2020-q2-update.win32_2.0.0.202105311346/tools/bin/../lib/gcc/arm-none-eabi/9.3.1/../../../../arm-none-eabi/lib/thumb/v7-m/nofp\libc_nano.a(lib_a-init.o)
 .debug_frame   0x00000000000028f4       0x20 c:/st/stm32cubeide_1.7.0/stm32cubeide/plugins/com.st.stm32cube.ide.mcu.externaltools.gnu-tools-for-stm32.9-2020-q2-update.win32_2.0.0.202105311346/tools/bin/../lib/gcc/arm-none-eabi/9.3.1/../../../../arm-none-eabi/lib/thumb/v7-m/nofp\libc_nano.a(lib_a-memset.o)
